<testsuites name="results">
  <testsuite name="all" package="all">
    <property name="random_seed" value="1746848886" />
    <testcase name="dut_test" classname="dut_test" file="/home/thirunaavukarasan-s/Documents/Dyumnin/setup-Thirunaavukarasan-Sharvesh/tests/dut_test.py" lineno="5" time="0.002161741256713867" sim_time_ns="4.001" ratio_time="1850.8227973971548" />
  </testsuite>
</testsuites>
